Script started on 2025-11-02 00:02:34-04:00
bash-4.4$ uname -a
Linux zeus-1.cec.gmu.edu 4.18.0-553.70.1.el8_10.x86_64 #1 SMP Tue Aug 12 13:09:16 EDT 2025 x86_64 x86_64 x86_64 GNU/Linux
bash-4.4$ date
Sun Nov  2 00:02:45 EDT 2025
bash-4.4$ ls -lt
total 7
-rw-r--r--. 1 tbekhtur itestudent    0 Nov  2 00:02 p2_typescript_tbekhtur_204
-rw-r--r--. 1 tbekhtur itestudent  185 Nov  1 23:55 Makefile
-rw-r--r--. 1 tbekhtur itestudent 6637 Nov  1 23:54 p2_tbekhtur_204.c
bash-4.4$ cat p2_tbekhtur_204.c 
#include <stdio.h>
#include <stdlib.h>
#include <string.h>

// Prototype
int commandline_check(int argc, char **argv);
int get_bomb_percent(char *level);
int get_num_bomb(int rows, int cols, int bomb_percent);
char **setup(int rows, int cols);
void init(char **gboard, int rows, int cols, int num_bomb);
int get_adjacent_bombs(char **gboard, int rows, int cols, int current_row,
                       int current_col);
void print_board(char **board, int rows, int cols);
void walker(char **pboard, char **gboard, int rows, int cols, int click_r,
            int click_c);
void play(char **pboard, char **gboard, int rows, int cols, int num_bomb);
void cleanup(char **board, int rows);

int main(int argc, char *argv[]) {
    if (!commandline_check(argc, argv)) {
        return 1;
    }

    int row = atoi(argv[1]);
    int col = atoi(argv[2]);
    char difficulty[10];
    srand(atoi(argv[4]));

    strcpy(difficulty, argv[3]);

    // Bomb num initialize
    int bomb_percent = get_bomb_percent(difficulty);
    int bomb_total = get_num_bomb(row, col, bomb_percent);

    // Two array initialize
    char **game_board = setup(row, col);
    char **play_board = setup(row, col);

    init(game_board, row, col, bomb_total);

    printf("This is the game board after initialization\n");
    print_board(game_board, row, col);
    printf("\nThis is the play board after setup\n");
    print_board(play_board, row, col);

    printf("\nThe game will start\n");
    play(play_board, game_board, row, col, bomb_total);
    cleanup(play_board, row);
    cleanup(game_board, row);
}

int commandline_check(int argc, char **argv) {
    if (argc != 5) {
        printf("Error: Invalid number of arguments\n");
        printf("Usage: %s <rows> <cols> <difficulty> <seed>\n", argv[0]);
        return 0;
    }

    int rows = atoi(argv[1]);
    if (rows <= 0) {
        printf("Error: Invalid rows. Must be positive integer\n");
        return 0;
    }

    int cols = atoi(argv[2]);
    if (cols <= 0) {
        printf("Error: Invalid columns. Must be positive integer\n");
        return 0;
    }

    if (strcmp(argv[3], "easy") != 0 && strcmp(argv[3], "medium") != 0 &&
        strcmp(argv[3], "hard") != 0) {
        printf("Error: Invalid difficulty levels. Must be either easy, medium, "
               "or hard\n");
        return 0;
    }

    return 1;
}

int get_bomb_percent(char *level) {
    if (strcmp(level, "easy") == 0) {
        return 5;
    } else if (strcmp(level, "medium") == 0) {
        return 20;
    } else {
        return 35;
    }
}

int get_num_bomb(int rows, int cols, int bomb_percent) {
    return rows * cols * bomb_percent / 100;
}

char **setup(int rows, int cols) {
    char **board = malloc(rows * sizeof(char *));
    for (int i = 0; i < rows; i++) {
        board[i] = malloc(cols * sizeof(char));
    }

    for (int i = 0; i < rows; i++) {
        for (int j = 0; j < cols; j++) {
            board[i][j] = '.';
        }
    }

    return board;
}

void init(char **gboard, int rows, int cols, int num_bomb) {
    int bomb_placed = 0;

    while (bomb_placed < num_bomb) {
        int rand_row = rand() % rows;
        int rand_col = rand() % cols;

        if (gboard[rand_row][rand_col] != '*') {
            gboard[rand_row][rand_col] = '*';
            bomb_placed++;
        }
    }

    for (int i = 0; i < rows; i++) {
        for (int j = 0; j < cols; j++) {
            if (gboard[i][j] != '*') {
                int count = get_adjacent_bombs(gboard, rows, cols, i, j);
                gboard[i][j] = '0' + count;
            }
        }
    }
}

int get_adjacent_bombs(char **gboard, int rows, int cols, int current_row,
                       int current_col) {
    int bomb_count = 0;

    for (int i = -1; i <= 1; i++) {
        for (int j = -1; j <= 1; j++) {
            if (i == 0 && j == 0) {
                continue;
            }

            int new_row = current_row + i;
            int new_col = current_col + j;

            if (new_row >= 0 && new_row < rows && new_col >= 0 &&
                new_col < cols) {
                if (gboard[new_row][new_col] == '*') {
                    bomb_count++;
                }
            }
        }
    }

    return bomb_count;
}

void print_board(char **board, int rows, int cols) {
    for (int i = 0; i < rows; i++) {
        for (int j = 0; j < cols; j++) {
            printf("%c ", board[i][j]);
        }
        printf("\n");
    }
}

void walker(char **pboard, char **gboard, int rows, int cols, int click_r,
            int click_c) {
    if (pboard[click_r][click_c] != '.') {
        return;
    }

    pboard[click_r][click_c] = gboard[click_r][click_c];

    if (gboard[click_r][click_c] != '0') {
        return;
    }

    for (int i = -1; i <= 1; i++) {
        for (int j = -1; j <= 1; j++) {
            if (i == 0 && j == 0) {
                continue;
            }

            int new_row = click_r + i;
            int new_col = click_c + j;

            if (new_row >= 0 && new_row < rows && new_col >= 0 &&
                new_col < cols) {
                if (pboard[new_row][new_col] == '.') {
                    walker(pboard, gboard, rows, cols, new_row, new_col);
                }
            }
        }
    }
}

void play(char **pboard, char **gboard, int rows, int cols, int num_bomb) {
    int total_tiles = rows * cols;
    int tiles_to_reveal = total_tiles - num_bomb;

    while (1) {
        int rand_row = rand() % rows;
        int rand_col = rand() % cols;

        if (gboard[rand_row][rand_col] == '*') {
            printf("Click at (%d, %d). Bomb Exploded! Game Over!\n", rand_row,
                   rand_col);
            pboard[rand_row][rand_col] = '!';
            printf("This is the play board after explosion\n");
            print_board(pboard, rows, cols);
            return;
        } else if (pboard[rand_row][rand_col] == '.') {
            printf("Click at (%d, %d)\n", rand_row, rand_col);
            walker(pboard, gboard, rows, cols, rand_row, rand_col);
            print_board(pboard, rows, cols);
            printf("\n");
        }

        int revealed = 0;
        for (int i = 0; i < rows; i++) {
            for (int j = 0; j < cols; j++) {
                if (pboard[i][j] != '.') {
                    revealed++;
                }
            }
        }

        if (revealed >= tiles_to_reveal) {
            printf("Game Completed!\n");
            print_board(pboard, rows, cols);
            return;
        }
    }
}

void cleanup(char **board, int rows) {
    for (int i = 0; i < rows; i++) {
        free(board[i]);
    }
    free(board);
}
bash-4.4$ cat Makefile 
CC = gcc
CFLAGS = -Wall -pedantic-errors -std=c99 -g
TARGET = p2_tbekhtur_204

all: $(TARGET)

$(TARGET): $(TARGET).c
	$(CC) $(CFLAGS) $(TARGET).c -o $(TARGET)

clean:
	rm -f $(TARGET)
bash-4.4$ make
gcc -Wall -pedantic-errors -std=c99 -g p2_tbekhtur_204.c -o p2_tbekhtur_204
bash-4.4$ ./p2_tbekhtur_204 [K 10 10 easy 7
This is the game board after initialization
0 0 1 * 1 0 0 0 0 0 
0 0 1 1 1 0 0 0 0 0 
0 0 0 0 0 0 0 0 0 0 
0 0 0 0 0 0 0 0 0 0 
0 0 1 1 1 0 0 0 0 0 
0 0 1 * 1 0 1 1 1 0 
0 0 1 1 1 0 1 * 2 1 
0 0 0 0 0 0 1 1 2 * 
1 1 1 0 0 0 0 0 1 1 
1 * 1 0 0 0 0 0 0 0 

This is the play board after setup
. . . . . . . . . . 
. . . . . . . . . . 
. . . . . . . . . . 
. . . . . . . . . . 
. . . . . . . . . . 
. . . . . . . . . . 
. . . . . . . . . . 
. . . . . . . . . . 
. . . . . . . . . . 
. . . . . . . . . . 

The game will start
Click at (5, 1)
0 0 1 . 1 0 0 0 0 0 
0 0 1 1 1 0 0 0 0 0 
0 0 0 0 0 0 0 0 0 0 
0 0 0 0 0 0 0 0 0 0 
0 0 1 1 1 0 0 0 0 0 
0 0 1 . 1 0 1 1 1 0 
0 0 1 1 1 0 1 . 2 1 
0 0 0 0 0 0 1 1 2 . 
1 1 1 0 0 0 0 0 1 1 
. . 1 0 0 0 0 0 0 0 

Click at (9, 0)
0 0 1 . 1 0 0 0 0 0 
0 0 1 1 1 0 0 0 0 0 
0 0 0 0 0 0 0 0 0 0 
0 0 0 0 0 0 0 0 0 0 
0 0 1 1 1 0 0 0 0 0 
0 0 1 . 1 0 1 1 1 0 
0 0 1 1 1 0 1 . 2 1 
0 0 0 0 0 0 1 1 2 . 
1 1 1 0 0 0 0 0 1 1 
1 . 1 0 0 0 0 0 0 0 

Game Completed!
0 0 1 . 1 0 0 0 0 0 
0 0 1 1 1 0 0 0 0 0 
0 0 0 0 0 0 0 0 0 0 
0 0 0 0 0 0 0 0 0 0 
0 0 1 1 1 0 0 0 0 0 
0 0 1 . 1 0 1 1 1 0 
0 0 1 1 1 0 1 . 2 1 
0 0 0 0 0 0 1 1 2 . 
1 1 1 0 0 0 0 0 1 1 
1 . 1 0 0 0 0 0 0 0 
bash-4.4$ valgrind ./p2_tbekhtur_204 10 10 easy 7
==1263090== Memcheck, a memory error detector
==1263090== Copyright (C) 2002-2022, and GNU GPL'd, by Julian Seward et al.
==1263090== Using Valgrind-3.22.0 and LibVEX; rerun with -h for copyright info
==1263090== Command: ./p2_tbekhtur_204 10 10 easy 7
==1263090== 
This is the game board after initialization
0 0 1 * 1 0 0 0 0 0 
0 0 1 1 1 0 0 0 0 0 
0 0 0 0 0 0 0 0 0 0 
0 0 0 0 0 0 0 0 0 0 
0 0 1 1 1 0 0 0 0 0 
0 0 1 * 1 0 1 1 1 0 
0 0 1 1 1 0 1 * 2 1 
0 0 0 0 0 0 1 1 2 * 
1 1 1 0 0 0 0 0 1 1 
1 * 1 0 0 0 0 0 0 0 

This is the play board after setup
. . . . . . . . . . 
. . . . . . . . . . 
. . . . . . . . . . 
. . . . . . . . . . 
. . . . . . . . . . 
. . . . . . . . . . 
. . . . . . . . . . 
. . . . . . . . . . 
. . . . . . . . . . 
. . . . . . . . . . 

The game will start
Click at (5, 1)
0 0 1 . 1 0 0 0 0 0 
0 0 1 1 1 0 0 0 0 0 
0 0 0 0 0 0 0 0 0 0 
0 0 0 0 0 0 0 0 0 0 
0 0 1 1 1 0 0 0 0 0 
0 0 1 . 1 0 1 1 1 0 
0 0 1 1 1 0 1 . 2 1 
0 0 0 0 0 0 1 1 2 . 
1 1 1 0 0 0 0 0 1 1 
. . 1 0 0 0 0 0 0 0 

Click at (9, 0)
0 0 1 . 1 0 0 0 0 0 
0 0 1 1 1 0 0 0 0 0 
0 0 0 0 0 0 0 0 0 0 
0 0 0 0 0 0 0 0 0 0 
0 0 1 1 1 0 0 0 0 0 
0 0 1 . 1 0 1 1 1 0 
0 0 1 1 1 0 1 . 2 1 
0 0 0 0 0 0 1 1 2 . 
1 1 1 0 0 0 0 0 1 1 
1 . 1 0 0 0 0 0 0 0 

Game Completed!
0 0 1 . 1 0 0 0 0 0 
0 0 1 1 1 0 0 0 0 0 
0 0 0 0 0 0 0 0 0 0 
0 0 0 0 0 0 0 0 0 0 
0 0 1 1 1 0 0 0 0 0 
0 0 1 . 1 0 1 1 1 0 
0 0 1 1 1 0 1 . 2 1 
0 0 0 0 0 0 1 1 2 . 
1 1 1 0 0 0 0 0 1 1 
1 . 1 0 0 0 0 0 0 0 
==1263090== 
==1263090== HEAP SUMMARY:
==1263090==     in use at exit: 0 bytes in 0 blocks
==1263090==   total heap usage: 23 allocs, 23 frees, 1,384 bytes allocated
==1263090== 
==1263090== All heap blocks were freed -- no leaks are possible
==1263090== 
==1263090== For lists of detected and suppressed errors, rerun with: -s
==1263090== ERROR SUMMARY: 0 errors from 0 contexts (suppressed: 0 from 0)
bash-4.4$ valgrind ./p2_tbekhtur_204 10 10 easy 7[C[C[C[C[C[C[C[C[C[C[9P[C[C[C[C[C[C[C[C[C[C[C[C[C[C[C[C[C[C[C[C[C[C[C[C[C[C[C[C[C[C[K[K[K[K[K[Kmedium 8
This is the game board after initialization
0 0 1 1 1 1 * * * 1 
1 1 2 * 1 1 2 3 3 2 
1 * 3 2 2 1 2 1 2 * 
1 2 * 1 1 * 3 * 3 1 
0 1 2 3 3 2 4 * 4 1 
0 0 1 * * 2 3 * * 1 
2 3 4 5 * 2 2 * 3 1 
* * * * 2 1 1 1 1 0 
2 3 3 2 1 0 0 0 0 0 
0 0 0 0 0 0 0 0 0 0 

This is the play board after setup
. . . . . . . . . . 
. . . . . . . . . . 
. . . . . . . . . . 
. . . . . . . . . . 
. . . . . . . . . . 
. . . . . . . . . . 
. . . . . . . . . . 
. . . . . . . . . . 
. . . . . . . . . . 
. . . . . . . . . . 

The game will start
Click at (3, 0)
. . . . . . . . . . 
. . . . . . . . . . 
. . . . . . . . . . 
1 . . . . . . . . . 
. . . . . . . . . . 
. . . . . . . . . . 
. . . . . . . . . . 
. . . . . . . . . . 
. . . . . . . . . . 
. . . . . . . . . . 

Click at (3, 6)
. . . . . . . . . . 
. . . . . . . . . . 
. . . . . . . . . . 
1 . . . . . 3 . . . 
. . . . . . . . . . 
. . . . . . . . . . 
. . . . . . . . . . 
. . . . . . . . . . 
. . . . . . . . . . 
. . . . . . . . . . 

Click at (9, 8)
. . . . . . . . . . 
. . . . . . . . . . 
. . . . . . . . . . 
1 . . . . . 3 . . . 
. . . . . . . . . . 
. . . . . . . . . . 
. . . . . . . . 3 1 
. . . . 2 1 1 1 1 0 
2 3 3 2 1 0 0 0 0 0 
0 0 0 0 0 0 0 0 0 0 

Click at (5, 6)
. . . . . . . . . . 
. . . . . . . . . . 
. . . . . . . . . . 
1 . . . . . 3 . . . 
. . . . . . . . . . 
. . . . . . 3 . . . 
. . . . . . . . 3 1 
. . . . 2 1 1 1 1 0 
2 3 3 2 1 0 0 0 0 0 
0 0 0 0 0 0 0 0 0 0 

Click at (0, 9)
. . . . . . . . . 1 
. . . . . . . . . . 
. . . . . . . . . . 
1 . . . . . 3 . . . 
. . . . . . . . . . 
. . . . . . 3 . . . 
. . . . . . . . 3 1 
. . . . 2 1 1 1 1 0 
2 3 3 2 1 0 0 0 0 0 
0 0 0 0 0 0 0 0 0 0 

Click at (0, 4)
. . . . 1 . . . . 1 
. . . . . . . . . . 
. . . . . . . . . . 
1 . . . . . 3 . . . 
. . . . . . . . . . 
. . . . . . 3 . . . 
. . . . . . . . 3 1 
. . . . 2 1 1 1 1 0 
2 3 3 2 1 0 0 0 0 0 
0 0 0 0 0 0 0 0 0 0 

Click at (3, 3)
. . . . 1 . . . . 1 
. . . . . . . . . . 
. . . . . . . . . . 
1 . . 1 . . 3 . . . 
. . . . . . . . . . 
. . . . . . 3 . . . 
. . . . . . . . 3 1 
. . . . 2 1 1 1 1 0 
2 3 3 2 1 0 0 0 0 0 
0 0 0 0 0 0 0 0 0 0 

Click at (0, 2)
. . 1 . 1 . . . . 1 
. . . . . . . . . . 
. . . . . . . . . . 
1 . . 1 . . 3 . . . 
. . . . . . . . . . 
. . . . . . 3 . . . 
. . . . . . . . 3 1 
. . . . 2 1 1 1 1 0 
2 3 3 2 1 0 0 0 0 0 
0 0 0 0 0 0 0 0 0 0 

Click at (3, 1)
. . 1 . 1 . . . . 1 
. . . . . . . . . . 
. . . . . . . . . . 
1 2 . 1 . . 3 . . . 
. . . . . . . . . . 
. . . . . . 3 . . . 
. . . . . . . . 3 1 
. . . . 2 1 1 1 1 0 
2 3 3 2 1 0 0 0 0 0 
0 0 0 0 0 0 0 0 0 0 

Click at (2, 4)
. . 1 . 1 . . . . 1 
. . . . . . . . . . 
. . . . 2 . . . . . 
1 2 . 1 . . 3 . . . 
. . . . . . . . . . 
. . . . . . 3 . . . 
. . . . . . . . 3 1 
. . . . 2 1 1 1 1 0 
2 3 3 2 1 0 0 0 0 0 
0 0 0 0 0 0 0 0 0 0 

Click at (1, 7)
. . 1 . 1 . . . . 1 
. . . . . . . 3 . . 
. . . . 2 . . . . . 
1 2 . 1 . . 3 . . . 
. . . . . . . . . . 
. . . . . . 3 . . . 
. . . . . . . . 3 1 
. . . . 2 1 1 1 1 0 
2 3 3 2 1 0 0 0 0 0 
0 0 0 0 0 0 0 0 0 0 

Click at (0, 0)
0 0 1 . 1 . . . . 1 
1 1 2 . . . . 3 . . 
. . . . 2 . . . . . 
1 2 . 1 . . 3 . . . 
. . . . . . . . . . 
. . . . . . 3 . . . 
. . . . . . . . 3 1 
. . . . 2 1 1 1 1 0 
2 3 3 2 1 0 0 0 0 0 
0 0 0 0 0 0 0 0 0 0 

Click at (2, 0)
0 0 1 . 1 . . . . 1 
1 1 2 . . . . 3 . . 
1 . . . 2 . . . . . 
1 2 . 1 . . 3 . . . 
. . . . . . . . . . 
. . . . . . 3 . . . 
. . . . . . . . 3 1 
. . . . 2 1 1 1 1 0 
2 3 3 2 1 0 0 0 0 0 
0 0 0 0 0 0 0 0 0 0 

Click at (6, 1)
0 0 1 . 1 . . . . 1 
1 1 2 . . . . 3 . . 
1 . . . 2 . . . . . 
1 2 . 1 . . 3 . . . 
. . . . . . . . . . 
. . . . . . 3 . . . 
. 3 . . . . . . 3 1 
. . . . 2 1 1 1 1 0 
2 3 3 2 1 0 0 0 0 0 
0 0 0 0 0 0 0 0 0 0 

Click at (1, 5)
0 0 1 . 1 . . . . 1 
1 1 2 . . 1 . 3 . . 
1 . . . 2 . . . . . 
1 2 . 1 . . 3 . . . 
. . . . . . . . . . 
. . . . . . 3 . . . 
. 3 . . . . . . 3 1 
. . . . 2 1 1 1 1 0 
2 3 3 2 1 0 0 0 0 0 
0 0 0 0 0 0 0 0 0 0 

Click at (7, 3). Bomb Exploded! Game Over!
This is the play board after explosion
0 0 1 . 1 . . . . 1 
1 1 2 . . 1 . 3 . . 
1 . . . 2 . . . . . 
1 2 . 1 . . 3 . . . 
. . . . . . . . . . 
. . . . . . 3 . . . 
. 3 . . . . . . 3 1 
. . . ! 2 1 1 1 1 0 
2 3 3 2 1 0 0 0 0 0 
0 0 0 0 0 0 0 0 0 0 
bash-4.4$ make all
make: Nothing to be done for 'all'.
bash-4.4$ ls
Makefile  p2_tbekhtur_204  p2_tbekhtur_204.c  p2_typescript_tbekhtur_204
bash-4.4$ ma[K[Kmake clean
rm -f p2_tbekhtur_204
bash-4.4$ ls
Makefile  p2_tbekhtur_204.c  p2_typescript_tbekhtur_204
bash-4.4$ exit

Script done on 2025-11-02 00:04:40-04:00
